TAP version 13
# Subtest: dashboard data maps environment values
ok 1 - dashboard data maps environment values
  ---
  duration_ms: 0.7065
  ...
# Subtest: dashboard html includes Twilio and sandbox instructions
ok 2 - dashboard html includes Twilio and sandbox instructions
  ---
  duration_ms: 0.4516
  ...
1..2
# tests 2
# suites 0
# pass 2
# fail 0
# cancelled 0
# skipped 0
# todo 0
# duration_ms 94.8473
